[20-Jan-2025 21:24:50 UTC] PHP Fatal error:  Uncaught Error: Call to undefined function get_header() in C:\Users\Marcus\Local Sites\sitecodavel\app\public\index.php:2
Stack trace:
#0 {main}
  thrown in C:\Users\Marcus\Local Sites\sitecodavel\app\public\index.php on line 2
[20-Jan-2025 21:24:50 UTC] PHP Fatal error:  Uncaught Error: Call to undefined function get_header() in C:\Users\Marcus\Local Sites\sitecodavel\app\public\index.php:2
Stack trace:
#0 {main}
  thrown in C:\Users\Marcus\Local Sites\sitecodavel\app\public\index.php on line 2
[20-Jan-2025 21:29:45 UTC] PHP Fatal error:  Uncaught Error: Call to undefined function get_header() in C:\Users\Marcus\Local Sites\sitecodavel\app\public\index.php:2
Stack trace:
#0 {main}
  thrown in C:\Users\Marcus\Local Sites\sitecodavel\app\public\index.php on line 2
[20-Jan-2025 21:30:35 UTC] PHP Fatal error:  Uncaught Error: Call to undefined function get_header() in C:\Users\Marcus\Local Sites\sitecodavel\app\public\index.php:2
Stack trace:
#0 {main}
  thrown in C:\Users\Marcus\Local Sites\sitecodavel\app\public\index.php on line 2
[20-Jan-2025 21:30:45 UTC] PHP Fatal error:  Uncaught Error: Call to undefined function get_header() in C:\Users\Marcus\Local Sites\sitecodavel\app\public\index.php:2
Stack trace:
#0 {main}
  thrown in C:\Users\Marcus\Local Sites\sitecodavel\app\public\index.php on line 2
[20-Jan-2025 21:30:55 UTC] PHP Fatal error:  Uncaught Error: Call to undefined function get_header() in C:\Users\Marcus\Local Sites\sitecodavel\app\public\index.php:2
Stack trace:
#0 {main}
  thrown in C:\Users\Marcus\Local Sites\sitecodavel\app\public\index.php on line 2
[20-Jan-2025 21:31:15 UTC] PHP Fatal error:  Uncaught Error: Call to undefined function get_header() in C:\Users\Marcus\Local Sites\sitecodavel\app\public\index.php:2
Stack trace:
#0 {main}
  thrown in C:\Users\Marcus\Local Sites\sitecodavel\app\public\index.php on line 2
[20-Jan-2025 21:31:22 UTC] PHP Fatal error:  Uncaught Error: Call to undefined function get_header() in C:\Users\Marcus\Local Sites\sitecodavel\app\public\index.php:2
Stack trace:
#0 {main}
  thrown in C:\Users\Marcus\Local Sites\sitecodavel\app\public\index.php on line 2
[20-Jan-2025 21:31:26 UTC] PHP Fatal error:  Uncaught Error: Call to undefined function get_header() in C:\Users\Marcus\Local Sites\sitecodavel\app\public\index.php:2
Stack trace:
#0 {main}
  thrown in C:\Users\Marcus\Local Sites\sitecodavel\app\public\index.php on line 2
[20-Jan-2025 21:31:29 UTC] PHP Fatal error:  Uncaught Error: Call to undefined function get_header() in C:\Users\Marcus\Local Sites\sitecodavel\app\public\index.php:2
Stack trace:
#0 {main}
  thrown in C:\Users\Marcus\Local Sites\sitecodavel\app\public\index.php on line 2
[20-Jan-2025 21:31:31 UTC] PHP Fatal error:  Uncaught Error: Call to undefined function get_header() in C:\Users\Marcus\Local Sites\sitecodavel\app\public\index.php:2
Stack trace:
#0 {main}
  thrown in C:\Users\Marcus\Local Sites\sitecodavel\app\public\index.php on line 2
[20-Jan-2025 21:31:48 UTC] PHP Fatal error:  Uncaught Error: Call to undefined function get_header() in C:\Users\Marcus\Local Sites\sitecodavel\app\public\index.php:2
Stack trace:
#0 {main}
  thrown in C:\Users\Marcus\Local Sites\sitecodavel\app\public\index.php on line 2
[20-Jan-2025 21:31:50 UTC] PHP Fatal error:  Uncaught Error: Call to undefined function get_header() in C:\Users\Marcus\Local Sites\sitecodavel\app\public\index.php:2
Stack trace:
#0 {main}
  thrown in C:\Users\Marcus\Local Sites\sitecodavel\app\public\index.php on line 2
[20-Jan-2025 21:31:54 UTC] PHP Fatal error:  Uncaught Error: Call to undefined function get_header() in C:\Users\Marcus\Local Sites\sitecodavel\app\public\index.php:2
Stack trace:
#0 {main}
  thrown in C:\Users\Marcus\Local Sites\sitecodavel\app\public\index.php on line 2
[20-Jan-2025 21:32:00 UTC] PHP Fatal error:  Uncaught Error: Call to undefined function get_header() in C:\Users\Marcus\Local Sites\sitecodavel\app\public\index.php:2
Stack trace:
#0 {main}
  thrown in C:\Users\Marcus\Local Sites\sitecodavel\app\public\index.php on line 2
[20-Jan-2025 21:32:02 UTC] PHP Fatal error:  Uncaught Error: Call to undefined function get_header() in C:\Users\Marcus\Local Sites\sitecodavel\app\public\index.php:2
Stack trace:
#0 {main}
  thrown in C:\Users\Marcus\Local Sites\sitecodavel\app\public\index.php on line 2
[20-Jan-2025 21:32:03 UTC] PHP Fatal error:  Uncaught Error: Call to undefined function get_header() in C:\Users\Marcus\Local Sites\sitecodavel\app\public\index.php:2
Stack trace:
#0 {main}
  thrown in C:\Users\Marcus\Local Sites\sitecodavel\app\public\index.php on line 2
[20-Jan-2025 21:32:08 UTC] PHP Fatal error:  Uncaught Error: Call to undefined function get_header() in C:\Users\Marcus\Local Sites\sitecodavel\app\public\index.php:2
Stack trace:
#0 {main}
  thrown in C:\Users\Marcus\Local Sites\sitecodavel\app\public\index.php on line 2
[20-Jan-2025 21:32:09 UTC] PHP Fatal error:  Uncaught Error: Call to undefined function get_header() in C:\Users\Marcus\Local Sites\sitecodavel\app\public\index.php:2
Stack trace:
#0 {main}
  thrown in C:\Users\Marcus\Local Sites\sitecodavel\app\public\index.php on line 2
[20-Jan-2025 21:32:13 UTC] PHP Fatal error:  Uncaught Error: Call to undefined function get_header() in C:\Users\Marcus\Local Sites\sitecodavel\app\public\index.php:2
Stack trace:
#0 {main}
  thrown in C:\Users\Marcus\Local Sites\sitecodavel\app\public\index.php on line 2
[20-Jan-2025 21:32:16 UTC] PHP Fatal error:  Uncaught Error: Call to undefined function get_header() in C:\Users\Marcus\Local Sites\sitecodavel\app\public\index.php:2
Stack trace:
#0 {main}
  thrown in C:\Users\Marcus\Local Sites\sitecodavel\app\public\index.php on line 2
[20-Jan-2025 21:32:19 UTC] PHP Fatal error:  Uncaught Error: Call to undefined function get_header() in C:\Users\Marcus\Local Sites\sitecodavel\app\public\index.php:2
Stack trace:
#0 {main}
  thrown in C:\Users\Marcus\Local Sites\sitecodavel\app\public\index.php on line 2
[20-Jan-2025 21:32:57 UTC] PHP Fatal error:  Uncaught Error: Call to undefined function get_header() in C:\Users\Marcus\Local Sites\sitecodavel\app\public\index.php:2
Stack trace:
#0 {main}
  thrown in C:\Users\Marcus\Local Sites\sitecodavel\app\public\index.php on line 2
[20-Jan-2025 21:32:59 UTC] PHP Fatal error:  Uncaught Error: Call to undefined function get_header() in C:\Users\Marcus\Local Sites\sitecodavel\app\public\index.php:2
Stack trace:
#0 {main}
  thrown in C:\Users\Marcus\Local Sites\sitecodavel\app\public\index.php on line 2
[20-Jan-2025 21:33:09 UTC] PHP Fatal error:  Uncaught Error: Call to undefined function get_header() in C:\Users\Marcus\Local Sites\sitecodavel\app\public\index.php:2
Stack trace:
#0 {main}
  thrown in C:\Users\Marcus\Local Sites\sitecodavel\app\public\index.php on line 2
[20-Jan-2025 21:33:10 UTC] PHP Fatal error:  Uncaught Error: Call to undefined function get_header() in C:\Users\Marcus\Local Sites\sitecodavel\app\public\index.php:2
Stack trace:
#0 {main}
  thrown in C:\Users\Marcus\Local Sites\sitecodavel\app\public\index.php on line 2
[20-Jan-2025 21:33:15 UTC] PHP Fatal error:  Uncaught Error: Call to undefined function get_header() in C:\Users\Marcus\Local Sites\sitecodavel\app\public\index.php:2
Stack trace:
#0 {main}
  thrown in C:\Users\Marcus\Local Sites\sitecodavel\app\public\index.php on line 2
[20-Jan-2025 21:33:17 UTC] PHP Fatal error:  Uncaught Error: Call to undefined function get_header() in C:\Users\Marcus\Local Sites\sitecodavel\app\public\index.php:2
Stack trace:
#0 {main}
  thrown in C:\Users\Marcus\Local Sites\sitecodavel\app\public\index.php on line 2
[20-Jan-2025 21:33:25 UTC] PHP Fatal error:  Uncaught Error: Call to undefined function get_header() in C:\Users\Marcus\Local Sites\sitecodavel\app\public\index.php:2
Stack trace:
#0 {main}
  thrown in C:\Users\Marcus\Local Sites\sitecodavel\app\public\index.php on line 2
[20-Jan-2025 21:33:29 UTC] PHP Fatal error:  Uncaught Error: Call to undefined function get_header() in C:\Users\Marcus\Local Sites\sitecodavel\app\public\index.php:2
Stack trace:
#0 {main}
  thrown in C:\Users\Marcus\Local Sites\sitecodavel\app\public\index.php on line 2
[20-Jan-2025 21:38:46 UTC] PHP Fatal error:  Uncaught Error: Call to undefined function get_header() in C:\Users\Marcus\Local Sites\sitecodavel\app\public\index.php:2
Stack trace:
#0 {main}
  thrown in C:\Users\Marcus\Local Sites\sitecodavel\app\public\index.php on line 2
[20-Jan-2025 21:38:54 UTC] PHP Fatal error:  Uncaught Error: Call to undefined function get_header() in C:\Users\Marcus\Local Sites\sitecodavel\app\public\index.php:2
Stack trace:
#0 {main}
  thrown in C:\Users\Marcus\Local Sites\sitecodavel\app\public\index.php on line 2
[20-Jan-2025 21:38:55 UTC] PHP Fatal error:  Uncaught Error: Call to undefined function get_header() in C:\Users\Marcus\Local Sites\sitecodavel\app\public\index.php:2
Stack trace:
#0 {main}
  thrown in C:\Users\Marcus\Local Sites\sitecodavel\app\public\index.php on line 2
[20-Jan-2025 21:38:56 UTC] PHP Fatal error:  Uncaught Error: Call to undefined function get_header() in C:\Users\Marcus\Local Sites\sitecodavel\app\public\index.php:2
Stack trace:
#0 {main}
  thrown in C:\Users\Marcus\Local Sites\sitecodavel\app\public\index.php on line 2
[20-Jan-2025 21:40:13 UTC] PHP Fatal error:  Uncaught Error: Call to undefined function get_header() in C:\Users\Marcus\Local Sites\sitecodavel\app\public\index.php:2
Stack trace:
#0 {main}
  thrown in C:\Users\Marcus\Local Sites\sitecodavel\app\public\index.php on line 2
[20-Jan-2025 21:40:14 UTC] PHP Fatal error:  Uncaught Error: Call to undefined function get_header() in C:\Users\Marcus\Local Sites\sitecodavel\app\public\index.php:2
Stack trace:
#0 {main}
  thrown in C:\Users\Marcus\Local Sites\sitecodavel\app\public\index.php on line 2
[20-Jan-2025 21:40:17 UTC] PHP Fatal error:  Uncaught Error: Call to undefined function get_header() in C:\Users\Marcus\Local Sites\sitecodavel\app\public\index.php:2
Stack trace:
#0 {main}
  thrown in C:\Users\Marcus\Local Sites\sitecodavel\app\public\index.php on line 2
[20-Jan-2025 21:40:17 UTC] PHP Fatal error:  Uncaught Error: Call to undefined function get_header() in C:\Users\Marcus\Local Sites\sitecodavel\app\public\index.php:2
Stack trace:
#0 {main}
  thrown in C:\Users\Marcus\Local Sites\sitecodavel\app\public\index.php on line 2
[20-Jan-2025 21:40:19 UTC] PHP Fatal error:  Uncaught Error: Call to undefined function get_header() in C:\Users\Marcus\Local Sites\sitecodavel\app\public\index.php:2
Stack trace:
#0 {main}
  thrown in C:\Users\Marcus\Local Sites\sitecodavel\app\public\index.php on line 2
[20-Jan-2025 21:40:22 UTC] PHP Fatal error:  Uncaught Error: Call to undefined function get_header() in C:\Users\Marcus\Local Sites\sitecodavel\app\public\index.php:2
Stack trace:
#0 {main}
  thrown in C:\Users\Marcus\Local Sites\sitecodavel\app\public\index.php on line 2
[20-Jan-2025 21:41:31 UTC] PHP Fatal error:  Uncaught Error: Call to undefined function get_header() in C:\Users\Marcus\Local Sites\sitecodavel\app\public\index.php:2
Stack trace:
#0 {main}
  thrown in C:\Users\Marcus\Local Sites\sitecodavel\app\public\index.php on line 2
[20-Jan-2025 21:41:47 UTC] PHP Fatal error:  Uncaught Error: Call to undefined function get_header() in C:\Users\Marcus\Local Sites\sitecodavel\app\public\index.php:2
Stack trace:
#0 {main}
  thrown in C:\Users\Marcus\Local Sites\sitecodavel\app\public\index.php on line 2
[20-Jan-2025 21:42:01 UTC] PHP Fatal error:  Uncaught Error: Call to undefined function get_header() in C:\Users\Marcus\Local Sites\sitecodavel\app\public\index.php:2
Stack trace:
#0 {main}
  thrown in C:\Users\Marcus\Local Sites\sitecodavel\app\public\index.php on line 2
[20-Jan-2025 21:42:01 UTC] PHP Fatal error:  Uncaught Error: Call to undefined function get_header() in C:\Users\Marcus\Local Sites\sitecodavel\app\public\index.php:2
Stack trace:
#0 {main}
  thrown in C:\Users\Marcus\Local Sites\sitecodavel\app\public\index.php on line 2
[20-Jan-2025 21:42:01 UTC] PHP Fatal error:  Uncaught Error: Call to undefined function get_header() in C:\Users\Marcus\Local Sites\sitecodavel\app\public\index.php:2
Stack trace:
#0 {main}
  thrown in C:\Users\Marcus\Local Sites\sitecodavel\app\public\index.php on line 2
[20-Jan-2025 21:42:01 UTC] PHP Fatal error:  Uncaught Error: Call to undefined function get_header() in C:\Users\Marcus\Local Sites\sitecodavel\app\public\index.php:2
Stack trace:
#0 {main}
  thrown in C:\Users\Marcus\Local Sites\sitecodavel\app\public\index.php on line 2
[20-Jan-2025 21:42:05 UTC] PHP Fatal error:  Uncaught Error: Call to undefined function get_header() in C:\Users\Marcus\Local Sites\sitecodavel\app\public\index.php:2
Stack trace:
#0 {main}
  thrown in C:\Users\Marcus\Local Sites\sitecodavel\app\public\index.php on line 2
[20-Jan-2025 21:42:20 UTC] PHP Fatal error:  Uncaught Error: Call to undefined function get_header() in C:\Users\Marcus\Local Sites\sitecodavel\app\public\index.php:2
Stack trace:
#0 {main}
  thrown in C:\Users\Marcus\Local Sites\sitecodavel\app\public\index.php on line 2
[20-Jan-2025 21:42:20 UTC] PHP Fatal error:  Uncaught Error: Call to undefined function get_header() in C:\Users\Marcus\Local Sites\sitecodavel\app\public\index.php:2
Stack trace:
#0 {main}
  thrown in C:\Users\Marcus\Local Sites\sitecodavel\app\public\index.php on line 2
[20-Jan-2025 21:42:20 UTC] PHP Fatal error:  Uncaught Error: Call to undefined function get_header() in C:\Users\Marcus\Local Sites\sitecodavel\app\public\index.php:2
Stack trace:
#0 {main}
  thrown in C:\Users\Marcus\Local Sites\sitecodavel\app\public\index.php on line 2
[20-Jan-2025 21:42:20 UTC] PHP Fatal error:  Uncaught Error: Call to undefined function get_header() in C:\Users\Marcus\Local Sites\sitecodavel\app\public\index.php:2
Stack trace:
#0 {main}
  thrown in C:\Users\Marcus\Local Sites\sitecodavel\app\public\index.php on line 2
[20-Jan-2025 21:42:22 UTC] PHP Fatal error:  Uncaught Error: Call to undefined function get_header() in C:\Users\Marcus\Local Sites\sitecodavel\app\public\index.php:2
Stack trace:
#0 {main}
  thrown in C:\Users\Marcus\Local Sites\sitecodavel\app\public\index.php on line 2
[20-Jan-2025 21:42:22 UTC] PHP Fatal error:  Uncaught Error: Call to undefined function get_header() in C:\Users\Marcus\Local Sites\sitecodavel\app\public\index.php:2
Stack trace:
#0 {main}
  thrown in C:\Users\Marcus\Local Sites\sitecodavel\app\public\index.php on line 2
[20-Jan-2025 21:42:22 UTC] PHP Fatal error:  Uncaught Error: Call to undefined function get_header() in C:\Users\Marcus\Local Sites\sitecodavel\app\public\index.php:2
Stack trace:
#0 {main}
  thrown in C:\Users\Marcus\Local Sites\sitecodavel\app\public\index.php on line 2
[20-Jan-2025 21:42:22 UTC] PHP Fatal error:  Uncaught Error: Call to undefined function get_header() in C:\Users\Marcus\Local Sites\sitecodavel\app\public\index.php:2
Stack trace:
#0 {main}
  thrown in C:\Users\Marcus\Local Sites\sitecodavel\app\public\index.php on line 2
[20-Jan-2025 21:42:31 UTC] PHP Fatal error:  Uncaught Error: Call to undefined function get_header() in C:\Users\Marcus\Local Sites\sitecodavel\app\public\index.php:2
Stack trace:
#0 {main}
  thrown in C:\Users\Marcus\Local Sites\sitecodavel\app\public\index.php on line 2
[20-Jan-2025 21:42:37 UTC] PHP Fatal error:  Uncaught Error: Call to undefined function get_header() in C:\Users\Marcus\Local Sites\sitecodavel\app\public\index.php:2
Stack trace:
#0 {main}
  thrown in C:\Users\Marcus\Local Sites\sitecodavel\app\public\index.php on line 2
[20-Jan-2025 21:42:49 UTC] PHP Fatal error:  Uncaught Error: Call to undefined function get_header() in C:\Users\Marcus\Local Sites\sitecodavel\app\public\index.php:2
Stack trace:
#0 {main}
  thrown in C:\Users\Marcus\Local Sites\sitecodavel\app\public\index.php on line 2
[20-Jan-2025 21:42:59 UTC] PHP Fatal error:  Uncaught Error: Call to undefined function get_header() in C:\Users\Marcus\Local Sites\sitecodavel\app\public\index.php:2
Stack trace:
#0 {main}
  thrown in C:\Users\Marcus\Local Sites\sitecodavel\app\public\index.php on line 2
[20-Jan-2025 21:42:59 UTC] PHP Fatal error:  Uncaught Error: Call to undefined function get_header() in C:\Users\Marcus\Local Sites\sitecodavel\app\public\index.php:2
Stack trace:
#0 {main}
  thrown in C:\Users\Marcus\Local Sites\sitecodavel\app\public\index.php on line 2
[20-Jan-2025 21:42:59 UTC] PHP Fatal error:  Uncaught Error: Call to undefined function get_header() in C:\Users\Marcus\Local Sites\sitecodavel\app\public\index.php:2
Stack trace:
#0 {main}
  thrown in C:\Users\Marcus\Local Sites\sitecodavel\app\public\index.php on line 2
[20-Jan-2025 21:42:59 UTC] PHP Fatal error:  Uncaught Error: Call to undefined function get_header() in C:\Users\Marcus\Local Sites\sitecodavel\app\public\index.php:2
Stack trace:
#0 {main}
  thrown in C:\Users\Marcus\Local Sites\sitecodavel\app\public\index.php on line 2
[20-Jan-2025 21:43:02 UTC] PHP Fatal error:  Uncaught Error: Call to undefined function get_header() in C:\Users\Marcus\Local Sites\sitecodavel\app\public\index.php:2
Stack trace:
#0 {main}
  thrown in C:\Users\Marcus\Local Sites\sitecodavel\app\public\index.php on line 2
[20-Jan-2025 21:43:08 UTC] PHP Fatal error:  Uncaught Error: Call to undefined function get_header() in C:\Users\Marcus\Local Sites\sitecodavel\app\public\index.php:2
Stack trace:
#0 {main}
  thrown in C:\Users\Marcus\Local Sites\sitecodavel\app\public\index.php on line 2
[20-Jan-2025 21:43:10 UTC] PHP Fatal error:  Uncaught Error: Call to undefined function get_header() in C:\Users\Marcus\Local Sites\sitecodavel\app\public\index.php:2
Stack trace:
#0 {main}
  thrown in C:\Users\Marcus\Local Sites\sitecodavel\app\public\index.php on line 2
[20-Jan-2025 21:43:19 UTC] PHP Fatal error:  Uncaught Error: Call to undefined function get_header() in C:\Users\Marcus\Local Sites\sitecodavel\app\public\index.php:2
Stack trace:
#0 {main}
  thrown in C:\Users\Marcus\Local Sites\sitecodavel\app\public\index.php on line 2
[20-Jan-2025 21:43:21 UTC] PHP Fatal error:  Uncaught Error: Call to undefined function get_header() in C:\Users\Marcus\Local Sites\sitecodavel\app\public\index.php:2
Stack trace:
#0 {main}
  thrown in C:\Users\Marcus\Local Sites\sitecodavel\app\public\index.php on line 2
[20-Jan-2025 21:43:41 UTC] PHP Fatal error:  Uncaught Error: Call to undefined function get_header() in C:\Users\Marcus\Local Sites\sitecodavel\app\public\index.php:2
Stack trace:
#0 {main}
  thrown in C:\Users\Marcus\Local Sites\sitecodavel\app\public\index.php on line 2
[20-Jan-2025 21:43:54 UTC] PHP Fatal error:  Uncaught Error: Call to undefined function get_header() in C:\Users\Marcus\Local Sites\sitecodavel\app\public\index.php:2
Stack trace:
#0 {main}
  thrown in C:\Users\Marcus\Local Sites\sitecodavel\app\public\index.php on line 2
[20-Jan-2025 21:43:54 UTC] PHP Fatal error:  Uncaught Error: Call to undefined function get_header() in C:\Users\Marcus\Local Sites\sitecodavel\app\public\index.php:2
Stack trace:
#0 {main}
  thrown in C:\Users\Marcus\Local Sites\sitecodavel\app\public\index.php on line 2
[20-Jan-2025 21:44:00 UTC] PHP Fatal error:  Uncaught Error: Call to undefined function get_header() in C:\Users\Marcus\Local Sites\sitecodavel\app\public\index.php:2
Stack trace:
#0 {main}
  thrown in C:\Users\Marcus\Local Sites\sitecodavel\app\public\index.php on line 2
[20-Jan-2025 21:44:00 UTC] PHP Fatal error:  Uncaught Error: Call to undefined function get_header() in C:\Users\Marcus\Local Sites\sitecodavel\app\public\index.php:2
Stack trace:
#0 {main}
  thrown in C:\Users\Marcus\Local Sites\sitecodavel\app\public\index.php on line 2
[20-Jan-2025 21:44:01 UTC] PHP Fatal error:  Uncaught Error: Call to undefined function get_header() in C:\Users\Marcus\Local Sites\sitecodavel\app\public\index.php:2
Stack trace:
#0 {main}
  thrown in C:\Users\Marcus\Local Sites\sitecodavel\app\public\index.php on line 2
[20-Jan-2025 21:44:01 UTC] PHP Fatal error:  Uncaught Error: Call to undefined function get_header() in C:\Users\Marcus\Local Sites\sitecodavel\app\public\index.php:2
Stack trace:
#0 {main}
  thrown in C:\Users\Marcus\Local Sites\sitecodavel\app\public\index.php on line 2
[21-Jan-2025 15:40:14 UTC] PHP Parse error:  syntax error, unexpected end of file, expecting "," or ";" in C:\Users\Marcus\Local Sites\sitecodavel\app\public\clientes.php on line 5
[21-Jan-2025 15:42:35 UTC] PHP Parse error:  syntax error, unexpected end of file, expecting "," or ";" in C:\Users\Marcus\Local Sites\sitecodavel\app\public\clientes.php on line 5
[21-Jan-2025 15:43:21 UTC] PHP Parse error:  syntax error, unexpected end of file, expecting "," or ";" in C:\Users\Marcus\Local Sites\sitecodavel\app\public\clientes.php on line 5
[21-Jan-2025 15:44:28 UTC] PHP Parse error:  syntax error, unexpected end of file, expecting "," or ";" in C:\Users\Marcus\Local Sites\sitecodavel\app\public\clientes.php on line 5
[21-Jan-2025 15:44:45 UTC] PHP Parse error:  syntax error, unexpected end of file, expecting "," or ";" in C:\Users\Marcus\Local Sites\sitecodavel\app\public\clientes.php on line 5
[21-Jan-2025 15:45:10 UTC] PHP Parse error:  syntax error, unexpected end of file, expecting "," or ";" in C:\Users\Marcus\Local Sites\sitecodavel\app\public\clientes.php on line 5
[21-Jan-2025 15:45:20 UTC] PHP Parse error:  syntax error, unexpected end of file, expecting "," or ";" in C:\Users\Marcus\Local Sites\sitecodavel\app\public\clientes.php on line 5
[21-Jan-2025 15:46:43 UTC] PHP Parse error:  syntax error, unexpected identifier "php", expecting "," or ";" in C:\Users\Marcus\Local Sites\sitecodavel\app\public\clientes.php on line 6
[21-Jan-2025 15:47:04 UTC] PHP Parse error:  syntax error, unexpected end of file, expecting variable or "${" or "{$" in C:\Users\Marcus\Local Sites\sitecodavel\app\public\clientes.php on line 7
[21-Jan-2025 15:47:14 UTC] PHP Parse error:  syntax error, unexpected end of file, expecting variable or "${" or "{$" in C:\Users\Marcus\Local Sites\sitecodavel\app\public\clientes.php on line 6
[21-Jan-2025 15:47:25 UTC] PHP Parse error:  syntax error, unexpected end of file, expecting "," or ";" in C:\Users\Marcus\Local Sites\sitecodavel\app\public\clientes.php on line 5
[21-Jan-2025 15:47:40 UTC] PHP Parse error:  syntax error, unexpected end of file, expecting "," or ";" in C:\Users\Marcus\Local Sites\sitecodavel\app\public\clientes.php on line 5
